2026-07-22 18:37:04 [INFO] [run_request] 准备发送请求: GET https://devapi1.lingshi.com/qbank/vs2/exam/exam/getInstDetail
2026-07-22 18:37:05 [INFO] [run_request] 状态码断言: 实际=200, 期望=200
2026-07-22 18:37:05 [INFO] [run_request] 数据断言: ['/code=0', '/message=success', '/data/instTitle=试卷机构']
2026-07-22 18:37:05 [INFO] [run_request] 响应体: {"code":0,"message":"success","data":{"chainType":2,"parentId":24,"instTitle":"试卷机构"}}
2026-07-22 18:37:05 [INFO] [run_request] 准备发送请求: GET https://devapi1.lingshi.com/qbank/vs2/exam/classify/allList
2026-07-22 18:37:05 [INFO] [run_request] 状态码断言: 实际=200, 期望=200
2026-07-22 18:37:05 [INFO] [run_request] 数据断言: ['/code=0', '/message=success', '/data/0/name=教材配套']
2026-07-22 18:37:05 [INFO] [run_request] 响应体: {"code":0,"message":"success","data":[{"id":1,"name":"教材配套","alias":"teach_material","pid":0,"level":0,"children":[{"id":13,"name":"课前练习修改修改修改","alias":"practice_before_class","pid":1,"level":4},{"id":11,"name":"单词习题","alias":"sync_practice","pid":1,"level":4},{"id":14,"name":"课后习题","alias":"classroom_practice","pid":1,"level":4},{"id":7,"name":"单元测试","alias":"unit_test","pid":1,"level":3},{"id":8,"name":"期中","alias":"mid_term","pid":1,"level":2},{"id":9,"name":"期末","alias":"end_term","pid":1,"level":2},{"id":10,"name":"月考","alias":"month_term","pid":1,"level":2}]},{"id":12,"name":"专项练习","alias":"question_set","pid":0,"level":0,"children":[{"id":20,"name":"出版社","alias":"primary_special_question","pid":12,"level":0},{"id":15,"name":"初中习题","alias":"junior_special_question","pid":12,"level":0},{"id":16,"name":"竞赛","alias":"competition","pid":12,"level":0},{"id":17,"name":"等级考试","alias":"level_examination","pid":12,"level":0},{"id":18,"name":"小升初","alias":"primary_to_junior","pid":12,"leve
2026-07-22 18:37:05 [INFO] [run_request] 准备发送请求: POST https://devapi1.lingshi.com/qbank/vs2/exam/exam/listExams
2026-07-22 18:37:05 [INFO] [run_request] 状态码断言: 实际=200, 期望=200
2026-07-22 18:37:05 [INFO] [run_request] 数据断言: ['/code=0', '/message=success']
2026-07-22 18:37:05 [INFO] [run_request] 响应体: {"code":0,"message":"success","total":6060,"data":[{"examId":591777,"name":"互动测试-lj","code":"55dbc406f6814963803acb5f4e587559","sortId":0,"updateTime":"2026-07-22 13:59:24","studentVisible":1,"examType":2,"source":"自制","userName":"adminexam","cover":"http://cdnws.51tyty.com/lstpems/file/2021/5/18/2e88f3b256c648518627e29f0778f70e.png","parentId":0,"isHide":false,"mediaId":0,"questionCount":3,"index":1,"title":"互动测试-lj","examCode":"55dbc406f6814963803acb5f4e587559","releaseStatus":0,"releaseStatusName":"未发布","qualityCheckStatus":"NOT_CHECKED"},{"examId":591680,"name":"互动习题测试","code":"13fecd57a9f14f71ba425889a11a57e9","sortId":0,"updateTime":"2026-07-21 19:01:26","studentVisible":1,"examType":2,"source":"自制","userName":"adminexam","cover":"http://cdnws.51tyty.com/lstpems/file/2021/5/18/2e88f3b256c648518627e29f0778f70e.png","parentId":0,"isHide":false,"mediaId":0,"questionCount":0,"index":2,"title":"互动习题测试","examCode":"13fecd57a9f14f71ba425889a11a57e9","releaseStatus":0,"releaseStatusName"
2026-07-22 18:37:05 [INFO] [run_request] 准备发送请求: POST https://devapi1.lingshi.com/qbank/vs2/exam/exam/listExams
2026-07-22 18:37:05 [INFO] [run_request] 状态码断言: 实际=200, 期望=200
2026-07-22 18:37:05 [INFO] [run_request] 数据断言: ['/code=0', '/message=success', '/total=2', '/data/0/examId=229248']
2026-07-22 18:37:05 [INFO] [run_request] 响应体: {"code":0,"message":"success","total":2,"data":[{"examId":229248,"code":"dfa2754d032322a3d0958cdd86824ab0","cover":"https://cdnws.51tyty.com/lstpems/file/2019/12/23/bb4b7d4c49f84ad09dcf353173ee0dcb.png?x-oss-process=image/resize,w_350,limit_0","name":"Unit 1","examType":1,"userName":"adminexam","updateTime":"2026-06-30 13:36:59","distributeStatus":1,"distributeScope":2,"teachMaterialName":"剑桥少儿英语","textbookName":"剑桥少儿英语 一级（上）","index":1,"distributeStatusName":"已分发","distributeScopeName":"指定机构","questionCount":0,"qualityCheckStatus":"NOT_CHECKED"},{"examId":229247,"code":"aa250a5302aac1db8aa2972ca98ccab3","cover":"https://cdnws.51tyty.com/lstpems/file/2019/12/23/bb4b7d4c49f84ad09dcf353173ee0dcb.png?x-oss-process=image/resize,w_350,limit_0","name":"Unit 1","examType":1,"userName":"adminexam","updateTime":"2026-06-30 13:36:59","distributeStatus":1,"distributeScope":2,"teachMaterialName":"剑桥少儿英语","textbookName":"剑桥少儿英语 一级（上）","index":2,"distributeStatusName":"已分发","distributeScopeName":"指定
2026-07-22 18:37:05 [INFO] [run_request] 准备发送请求: POST https://devapi1.lingshi.com/qbank/vs2/exam/exam/listExams
2026-07-22 18:37:06 [INFO] [run_request] 状态码断言: 实际=200, 期望=200
2026-07-22 18:37:06 [INFO] [run_request] 数据断言: ['/code=-1003', '/message=无法找到对应习题1分类']
2026-07-22 18:37:06 [INFO] [run_request] 响应体: {"code":-1003,"message":"无法找到对应习题分类"}
2026-07-22 18:37:06 [ERROR] [run_request] 断言失败: /message 实际=无法找到对应习题分类, 期望=无法找到对应习题1分类
2026-07-22 18:37:06 [INFO] [run_request] 准备发送请求: POST https://devapi1.lingshi.com/qbank/vs2/exam/exam/listExams
2026-07-22 18:37:06 [INFO] [run_request] 状态码断言: 实际=200, 期望=200
2026-07-22 18:37:06 [INFO] [run_request] 数据断言: ['/code=-1003', '/message=无法找到对应习题分类']
2026-07-22 18:37:06 [INFO] [run_request] 响应体: {"code":-1003,"message":"无法找到对应习题分类"}
2026-07-22 18:37:06 [INFO] [run_request] 准备发送请求: POST https://devapi1.lingshi.com/qbank/vs2/exam/exam/listExams
2026-07-22 18:37:06 [INFO] [run_request] 状态码断言: 实际=200, 期望=200
2026-07-22 18:37:06 [INFO] [run_request] 数据断言: ['/code=-1', '/message=系统内部错误']
2026-07-22 18:37:06 [INFO] [run_request] 响应体: {"code":-1,"message":"系统内部错误"}
